
switc0...................................
Switch>
Switch>
Switch>en
Switch#
Switch#conf t
Enter configuration commands, one per line.  End with CNTL/Z.
Switch(config)#
Switch(config)#
Switch(config)#
Switch(config)#vlan 10
Switch(config-vlan)#name AA
Switch(config-vlan)#ex
Switch(config)#
Switch(config)#
Switch(config)#vlan 20
Switch(config-vlan)#name BB
Switch(config-vlan)#ex
Switch(config)#
Switch(config)#
Switch(config)#int range fa0/1-2
Switch(config-if-range)#switchport mode access 
Switch(config-if-range)#switchport access vlan 10
Switch(config-if-range)#ex
Switch(config)#
Switch(config)#int range fa0/3-4
Switch(config-if-range)#switchport mode access 
Switch(config-if-range)#switchport access vlan 20
Switch(config-if-range)#
Switch(config-if-range)#ez
                         ^
% Invalid input detected at '^' marker.
	
Switch(config-if-range)#
Switch(config-if-range)#
Switch(config-if-range)#ex
Switch(config)#
Switch(config)#
Switch(config)#
Switch(config)#ex
Switch#
%SYS-5-CONFIG_I: Configured from console by console

Switch#
Switch#show vlan br

VLAN Name                             Status    Ports
---- -------------------------------- --------- -------------------------------
1    default                          active    Fa0/5, Fa0/6, Fa0/7, Fa0/8
                                                Fa0/9, Fa0/10, Fa0/11, Fa0/12
                                                Fa0/13, Fa0/14, Fa0/15, Fa0/16
                                                Fa0/17, Fa0/18, Fa0/19, Fa0/20
                                                Fa0/21, Fa0/22, Fa0/23, Fa0/24
                                                Gig0/1, Gig0/2
10   AA                               active    Fa0/1, Fa0/2
20   BB                               active    Fa0/3, Fa0/4
1002 fddi-default                     active    
1003 token-ring-default               active    
1004 fddinet-default                  active    
1005 trnet-default                    active    
Switch#
Switch#
Switch#
Switch#
Switch#
Switch#en
Switch#
Switch#conf t
Enter configuration commands, one per line.  End with CNTL/Z.
Switch(config)#
Switch(config)#
Switch(config)#vlan 99
Switch(config-vlan)#name native
Switch(config-vlan)#ex
Switch(config)#
Switch(config)#
Switch(config)#
Switch(config)#%SPANTREE-2-RECV_PVID_ERR: Received 802.1Q BPDU on non trunk FastEthernet0/23 VLAN1.

%SPANTREE-2-BLOCK_PVID_LOCAL: Blocking FastEthernet0/23 on VLAN0001. Inconsistent port type.


%LINEPROTO-5-UPDOWN: Line protocol on Interface FastEthernet0/23, changed state to down

%LINEPROTO-5-UPDOWN: Line protocol on Interface FastEthernet0/23, changed state to up
%SPANTREE-2-RECV_PVID_ERR: Received BPDU with inconsistent peer vlan id 99 on FastEthernet0/23 VLAN1.

%SPANTREE-2-BLOCK_PVID_LOCAL: Blocking FastEthernet0/23 on VLAN0001. Inconsistent local vlan.


Switch(config)#
Switch(config)#
Switch(config)#int fa0/23
Switch(config-if)#switchport mode trunk
Switch(config-if)#
Switch(config-if)#switchport trunk native vlan 99
Switch(config-if)#switchport trunk allowed vlan 10,20
Switch(config-if)#
Switch(config-if)#ex
Switch(config)#
Switch(config)#
Switch(config)#
Switch(config)#int fa0/23
Switch(config-if)#switchport mode trunk
Switch(config-if)#ex
Switch(config)#
Switch(config)#
Switch(config)#ex
Switch#
%SYS-5-CONFIG_I: Configured from console by console

Switch#
Switch#
Switch#show vlan br

VLAN Name                             Status    Ports
---- -------------------------------- --------- -------------------------------
1    default                          active    Fa0/5, Fa0/6, Fa0/7, Fa0/8
                                                Fa0/9, Fa0/10, Fa0/11, Fa0/12
                                                Fa0/13, Fa0/14, Fa0/15, Fa0/16
                                                Fa0/17, Fa0/18, Fa0/19, Fa0/20
                                                Fa0/21, Fa0/22, Fa0/24, Gig0/1
                                                Gig0/2
10   AA                               active    Fa0/1, Fa0/2
20   BB                               active    Fa0/3, Fa0/4
99   native                           active    
1002 fddi-default                     active    
1003 token-ring-default               active    
1004 fddinet-default                  active    
1005 trnet-default                    active    
Switch#
Switch#
Switch#
Switch#
Switch#
Switch#show int trunk
Port        Mode         Encapsulation  Status        Native vlan
Fa0/23      on           802.1q         trunking      99

Port        Vlans allowed on trunk
Fa0/23      10,20

Port        Vlans allowed and active in management domain
Fa0/23      10,20

Port        Vlans in spanning tree forwarding state and not pruned
Fa0/23      20

Switch#
Switch#
Switch#
Switch#
Switch#conf t
Enter configuration commands, one per line.  End with CNTL/Z.
Switch(config)#
Switch(config)#
Switch(config)#int fa0/24
Switch(config-if)#
Switch(config-if)#
Switch(config-if)#switchport mode trunk

Switch(config-if)#
%LINEPROTO-5-UPDOWN: Line protocol on Interface FastEthernet0/24, changed state to down

%LINEPROTO-5-UPDOWN: Line protocol on Interface FastEthernet0/24, changed state to up

Switch(config-if)#
Switch(config-if)#
Switch(config-if)#ex
Switch(config)#
Switch(config)#
Switch(config)#
Switch(config)#ex
Switch#
%SYS-5-CONFIG_I: Configured from console by console

Switch#
Switch#
Switch#show int trunk
Port        Mode         Encapsulation  Status        Native vlan
Fa0/23      on           802.1q         trunking      99
Fa0/24      on           802.1q         trunking      1

Port        Vlans allowed on trunk
Fa0/23      10,20
Fa0/24      1-1005

Port        Vlans allowed and active in management domain
Fa0/23      10,20
Fa0/24      1,10,20,99

Port        Vlans in spanning tree forwarding state and not pruned
Fa0/23      10,20
Fa0/24      none

Switch#
Switch


Switch1...............................................>
Switch>
Switch>
Switch>en
Switch#
Switch#
Switch#conf t
Enter configuration commands, one per line.  End with CNTL/Z.
Switch(config)#vlan 10
Switch(config-vlan)#name AA
Switch(config-vlan)#ex
Switch(config)#
Switch(config)#vlan 20
Switch(config-vlan)#name BB
Switch(config-vlan)#ex
Switch(config)#
Switch(config)#
Switch(config)#vlan 99
Switch(config-vlan)#name native
Switch(config-vlan)#
Switch(config-vlan)#
Switch(config-vlan)#ex
Switch(config)#
Switch(config)#
Switch(config)#
Switch(config)#int range fa0/1-2
Switch(config-if-range)#switchport mode access
Switch(config-if-range)#switchport access vlan 10
Switch(config-if-range)#ex
Switch(config)#
Switch(config)#
Switch(config)#int range fa0/3-4
Switch(config-if-range)#switchport mode access
Switch(config-if-range)#switchport access vlan 20
Switch(config-if-range)#
Switch(config-if-range)#ex
Switch(config)#
Switch(config)#
Switch(config)#int fa0/23
Switch(config-if)#switchport mode trunk

Switch(config-if)#
%LINEPROTO-5-UPDOWN: Line protocol on Interface FastEthernet0/23, changed state to down

%LINEPROTO-5-UPDOWN: Line protocol on Interface FastEthernet0/23, changed state to up

Switch(config-if)#switchport trunk native vlan 99
Switch(config-if)#switchport trunk allowed vlan 10,20
Switch(config-if)#
Switch(config-if)#
Switch(config-if)#ex
Switch(config)#
Switch(config)#
Switch(config)#
Switch(config)#
Switch(config)#
Switch(config)#
Switch(config)#
Switch(config)#ex
Switch#
%SYS-5-CONFIG_I: Configured from console by console

Switch#
Switch#
Switch#show vlan br

VLAN Name                             Status    Ports
---- -------------------------------- --------- -------------------------------
1    default                          active    Fa0/5, Fa0/6, Fa0/7, Fa0/8
                                                Fa0/9, Fa0/10, Fa0/11, Fa0/12
                                                Fa0/13, Fa0/14, Fa0/15, Fa0/16
                                                Fa0/17, Fa0/18, Fa0/19, Fa0/20
                                                Fa0/21, Fa0/22, Fa0/24, Gig0/1
                                                Gig0/2
10   AA                               active    Fa0/1, Fa0/2
20   BB                               active    Fa0/3, Fa0/4
99   native                           active    
1002 fddi-default                     active    
1003 token-ring-default               active    
1004 fddinet-default                  active    
1005 trnet-default                    active    
Switch#
Switch#
Switch#show int trunk
Port        Mode         Encapsulation  Status        Native vlan
Fa0/23      on           802.1q         trunking      99

Port        Vlans allowed on trunk
Fa0/23      10,20

Port        Vlans allowed and active in management domain
Fa0/23      10,20

Port        Vlans in spanning tree forwarding state and not pruned
Fa0/23      10,20

Switch#
Switch#
Switch#
Switch#
Switch#


router............
Router>
Router>
Router>en
Router#
Router#
Router#show run
Building configuration...

Current configuration : 797 bytes
!
version 15.1
no service timestamps log datetime msec
no service timestamps debug datetime msec
no service password-encryption
!
hostname Router
!
!
!
!
!
!
!
!
ip cef
no ipv6 cef
!
!
!
!
license udi pid CISCO2901/K9 sn FTX15244N1S-
!
!
!
!
!
!
!
!
!
!
!
spanning-tree mode pvst
!
!
!
!
!
!
interface GigabitEthernet0/0
 no ip address
 duplex auto
 speed auto
!
interface GigabitEthernet0/0.10
 encapsulation dot1Q 10
 ip address 192.168.1.62 255.255.255.192
!
interface GigabitEthernet0/0.20
 encapsulation dot1Q 20
 ip address 192.168.1.126 255.255.255.192
!
interface GigabitEthernet0/1
 no ip address
 duplex auto
 speed auto
 shutdown
!
interface Vlan1
 no ip address
 shutdown
!
ip classless
!
ip flow-export version 9
!
!
!
!
!
!
!
line con 0
!
line aux 0
!
line vty 0 4
 login
!
!
!
end